<html>
<body>
<pre>
<h1>µVision Build Log</h1>
<h2>Tool Versions:</h2>
IDE-Version: µVision V5.14.0.0
Copyright (C) 2015 ARM Ltd and ARM Germany GmbH. All rights reserved.
License Information: James Vardy, Holland College, LIC=----
 
Tool Versions:
Toolchain:       MDK-Lite  Version: 5.14.0.0
Toolchain Path:  C:\Keil_v5\ARM\ARMCC\Bin
C Compiler:      Armcc.exe V5.05 update 1 (build 106)
Assembler:       Armasm.exe V5.05 update 1 (build 106)
Linker/Locator:  ArmLink.exe V5.05 update 1 (build 106)
Library Manager: ArmAr.exe V5.05 update 1 (build 106)
Hex Converter:   FromElf.exe V5.05 update 1 (build 106)
CPU DLL:         SARMCM3.DLL V5.14.0.0
Dialog DLL:      DCM.DLL V1.13.1.0
Target DLL:      lmidk-agdi.dll V???
Dialog DLL:      TCM.DLL V1.14.4.0
 
<h2>Project:</h2>
C:\Users\qscurr\OneDrive - Holland College\Year2 Semester2\E2440\Capstone\CommCapstone\CommCapstone.uvprojx
Project File Date:  04/21/2024

<h2>Output:</h2>
Rebuild target 'Target 1'
compiling PLL.c...
compiling ST7735.c...
compiling SysTick.c...
assembling startup.s...
compiling BluetoothLib.c...
CommProtocol.h(116): warning:  #1-D: last line of file ends without a newline
  #endif
BluetoothLib.c: 1 warning, 0 errors
compiling LEDBTNS.c...
CommProtocol.h(116): warning:  #1-D: last line of file ends without a newline
  #endif
LEDBTNS.c(110): warning:  #1-D: last line of file ends without a newline
  };
LEDBTNS.c: 2 warnings, 0 errors
compiling RadioLib.c...
CommProtocol.h(116): warning:  #1-D: last line of file ends without a newline
  #endif
RadioLib.c: 1 warning, 0 errors
compiling main.c...
CommProtocol.h(116): warning:  #1-D: last line of file ends without a newline
  #endif
main.c: 1 warning, 0 errors
compiling CommProtocol.c...
CommProtocol.h(116): warning:  #1-D: last line of file ends without a newline
  #endif
CommProtocol.c: 1 warning, 0 errors
linking...
Program Size: Code=5092 RO-data=32 RW-data=12 ZI-data=1124  
".\Objects\CommCapstone.axf" - 0 Error(s), 6 Warning(s).

<h2>Collection of Component include folders:</h2>
  C:\Users\qscurr\OneDrive - Holland College\Year2 Semester2\E2440\Capstone\CommCapstone\RTE
  C:\Keil_v5\ARM\PACK\Keil\TM4C_DFP\1.1.0

<h2>Collection of Component Files used:</h2>
</pre>
</body>
</html>
